[console:log] [FCM][web] firebase-messaging-sw.js registered: http://127.0.0.1:7357/
[console:debug] Injecting <script> tag. Using callback.
[console:log] [FCM][web] firebase-messaging-sw.js ready: http://127.0.0.1:7357/
[console:debug] TrustedTypes available. Creating policy: gis-dart
[console:log] [bootstrap] Loading environment assets...
[console:log] ENV LOADED SUCCESSFULLY
[console:log] [bootstrap] Environment loaded from assets/env/app.env (APP_ENV=dev).
[console:log] [bootstrap] Configuring map provider...
[console:log] [bootstrap] Mapbox native SDK skipped on this platform.
[console:log] [bootstrap] Initializing Supabase...
[console:log] [bootstrap] Supabase initialized.
[console:log] [bootstrap] Initializing session manager...
[console:log] [SECURITY][REVOCATION][2026-06-25T06:02:21.106Z] [REVOCATION] Realtime Cleanup Started topic=security-revocation
[console:log] [SECURITY][REVOCATION][2026-06-25T06:02:21.107Z] [REVOCATION] Realtime Cleanup Finished topic=security-revocation
[console:log] [SECURITY][REVOCATION][2026-06-25T06:02:21.107Z] [REVOCATION] Realtime Cleanup Started topic=security-revocation
[console:log] [SECURITY][REVOCATION][2026-06-25T06:02:21.108Z] [REVOCATION] Realtime Cleanup Finished topic=security-revocation
[console:log] [SECURITY][REVOCATION][2026-06-25T06:02:21.122Z] [REVOCATION] Connection Closed topic=security-revocation-67b87ab0-574f-4524-af3d-b3eee044c044
[console:log] [SECURITY][REVOCATION][2026-06-25T06:02:21.435Z] [REVOCATION] Subscription Created topic=security-revocation-67b87ab0-574f-4524-af3d-b3eee044c044
[console:log] [SESSION][2026-06-25T06:02:21.494Z] Detected many active sessions for user=67b87ab0-574f-4524-af3d-b3eee044c044 count=5
[console:log] [SESSION][2026-06-25T06:02:21.584Z] Detected many active sessions for user=67b87ab0-574f-4524-af3d-b3eee044c044 count=5
[console:log] [bootstrap] Session manager initialized.
[console:log] [bootstrap] Session recovery completed.
[console:log] [bootstrap] Initializing stability layers...
[console:log] [bootstrap] Stability layers initialized.
[console:log] [bootstrap] Initializing notifications...
[console:debug] TrustedTypes available. Creating policy: flutterfire-firebase_core
[console:debug] Initializing Firebase firebase_core
[console:debug] TrustedTypes available. Creating policy: flutterfire-firebase_messaging
[console:debug] Initializing Firebase firebase_messaging
[console:log] [FCM] FirebaseMessaging listeners attached (onMessage, onMessageOpenedApp).
[console:log] [FCM][web] permission granted (request_permission)
[console:log] [FCM][web] browser permission: granted
[console:log] [FCM][web][sw_lifecycle] event=recovery_executed notification_id=<missing> recovered=true data={} meta={occurred_at: 2026-06-25T06:02:21.831Z, reason: bridge_initialized, recovered_count: 0, badge_count: 0, recovered: true}
[console:log] [FCM][web][sw_lifecycle] event=recovery_executed notification_id=<missing> recovered=true data={} meta={occurred_at: 2026-06-25T06:02:21.831Z, reason: bridge_initialized, recovered_count: 0, badge_count: 0, recovered: true}
[console:log] [FCM][web] token generated (attempt 1): dUOOBx...661e8U
[console:log] [FCM][web_permission_granted] FCM token synced successfully: dUOOBx...661e8U
[console:log] [FCM][web] token upload success: dUOOBx...661e8U
[console:log] [REALTIME][2026-06-25T06:02:23.688Z] Auth Session Changed topic=customer-order-events-67b87ab0-574f-4524-af3d-b3eee044c044 event=initialSession authenticated=true
[console:log] [REALTIME][2026-06-25T06:02:23.689Z] Subscription Created topic=customer-order-events-67b87ab0-574f-4524-af3d-b3eee044c044 channel=customer:customer-order-events-67b87ab0-574f-4524-af3d-b3eee044c044:67b87ab0-574f-4524-af3d-b3eee044c044
[console:log] [REALTIME][2026-06-25T06:02:23.694Z] Channel Removed Successfully topic=customer-order-events-67b87ab0-574f-4524-af3d-b3eee044c044 reason=replace
[console:log] [REALTIME][2026-06-25T06:02:23.694Z] Subscription Removed topic=customer-order-events-67b87ab0-574f-4524-af3d-b3eee044c044
[console:log] [REALTIME][2026-06-25T06:02:23.695Z] Subscription Created topic=customer-order-events-67b87ab0-574f-4524-af3d-b3eee044c044 channel=customer:customer-order-events-67b87ab0-574f-4524-af3d-b3eee044c044:67b87ab0-574f-4524-af3d-b3eee044c044
[console:log] [REALTIME][2026-06-25T06:02:23.766Z] Connection Opened topic=customer-order-events-67b87ab0-574f-4524-af3d-b3eee044c044
[console:log] [FCM] startup token sync skipped on web; permission bootstrap already handles token sync.
[console:log] [bootstrap] Notification service initialized.
[console:log] [bootstrap] Bootstrap completed. ok=true, message=none.
[console:log] [bootstrap] runApp executed.
[console:log] [REALTIME][2026-06-25T06:02:24.977Z] Auth Session Changed topic=home-restaurants-580981179 event=initialSession authenticated=true
[console:log] [REALTIME][2026-06-25T06:02:24.986Z] Subscription Created topic=home-restaurants-580981179 channel=customer:home-restaurants-580981179:67b87ab0-574f-4524-af3d-b3eee044c044
[console:log] [REALTIME][2026-06-25T06:02:24.989Z] Channel Removed Successfully topic=home-restaurants-580981179 reason=replace
[console:log] [REALTIME][2026-06-25T06:02:24.989Z] Subscription Removed topic=home-restaurants-580981179
[console:log] [REALTIME][2026-06-25T06:02:24.990Z] Subscription Created topic=home-restaurants-580981179 channel=customer:home-restaurants-580981179:67b87ab0-574f-4524-af3d-b3eee044c044
[console:log] [REALTIME][2026-06-25T06:02:25.824Z] Connection Opened topic=home-restaurants-580981179
[baseline] {"href":"http://127.0.0.1:7357/","title":"Delivery Mat3mk","permission":"granted","serviceWorkerCount":2,"localStorageKeys":["flutter.customer_cart_state_v3","flutter.session_security_state.v1","supabase.auth.token","sb-mjaueulktnxsgppiwimb-auth-token","flutter.customer_notification_installation_id","flutter.customer_cart_state_v3_backup"],"notificationCount":0,"bodyText":""}
[console:log] [FCM][web][sw_lifecycle] event=displayed notification_id=97ea525a-bf11-4e10-bf3d-465fa7a0411f recovered=false data={from: 647981866689, priority: normal, fcmMessageId: 22f12b30-7036-46c7-9616-e351ad90d701, route: /orders, title: 📦 تم تسليم طلبك, type: awaiting_customer_confirmation_manual_fresh_live, body: يرجى تأكيد استلام الطلب لإكمال الطلب., event: awaiting_customer_confirmation_manual_fresh_live, screen: orders, sound: order_alert, order_id: aaef6db2-afa9-4845-80a2-be8846aac989, status_key: awaiting_customer_confirmation_manual_fresh_live, notification_type: awaiting_customer_confirmation_manual_fresh_live, click_action: /orders, notification_id: 97ea525a-bf11-4e10-bf3d-465fa7a0411f, android_channel_id: urgent_orders_alerts_v2, fcm_push_received: true, delivery_proof: service_worker_push, received_by: firebase-messaging-sw.js, message_id: 22f12b30-7036-46c7-9616-e351ad90d701} meta={occurred_at: 2026-06-25T06:02:45.858Z, notification_id: 97ea525a-bf11-4e10-bf3d-465fa7a0411f, message_id: 22f12b30-7036-46c7-9616-e351ad90d701, dedup_key: notification:97ea525a-bf11-4e10-bf3d-465fa7a0411f, push_received_at: 2026-06-25T06:02:45.834Z, displayed_at: 2026-06-25T06:02:45.854Z}
[console:log] [FCM][web][sw_lifecycle] event=received notification_id=97ea525a-bf11-4e10-bf3d-465fa7a0411f recovered=false data={from: 647981866689, priority: normal, fcmMessageId: 22f12b30-7036-46c7-9616-e351ad90d701, route: /orders, title: 📦 تم تسليم طلبك, type: awaiting_customer_confirmation_manual_fresh_live, body: يرجى تأكيد استلام الطلب لإكمال الطلب., event: awaiting_customer_confirmation_manual_fresh_live, screen: orders, sound: order_alert, order_id: aaef6db2-afa9-4845-80a2-be8846aac989, status_key: awaiting_customer_confirmation_manual_fresh_live, notification_type: awaiting_customer_confirmation_manual_fresh_live, click_action: /orders, notification_id: 97ea525a-bf11-4e10-bf3d-465fa7a0411f, android_channel_id: urgent_orders_alerts_v2, fcm_push_received: true, delivery_proof: service_worker_push, received_by: firebase-messaging-sw.js, message_id: 22f12b30-7036-46c7-9616-e351ad90d701} meta={occurred_at: 2026-06-25T06:02:45.860Z, notification_id: 97ea525a-bf11-4e10-bf3d-465fa7a0411f, message_id: 22f12b30-7036-46c7-9616-e351ad90d701, dedup_key: notification:97ea525a-bf11-4e10-bf3d-465fa7a0411f, push_received_at: 2026-06-25T06:02:45.834Z, received_at: 2026-06-25T06:02:45.854Z}
[console:log] [FCM][web][sw_lifecycle] event=badge_updated notification_id=97ea525a-bf11-4e10-bf3d-465fa7a0411f recovered=false data={from: 647981866689, priority: normal, fcmMessageId: 22f12b30-7036-46c7-9616-e351ad90d701, route: /orders, title: 📦 تم تسليم طلبك, type: awaiting_customer_confirmation_manual_fresh_live, body: يرجى تأكيد استلام الطلب لإكمال الطلب., event: awaiting_customer_confirmation_manual_fresh_live, screen: orders, sound: order_alert, order_id: aaef6db2-afa9-4845-80a2-be8846aac989, status_key: awaiting_customer_confirmation_manual_fresh_live, notification_type: awaiting_customer_confirmation_manual_fresh_live, click_action: /orders, notification_id: 97ea525a-bf11-4e10-bf3d-465fa7a0411f, android_channel_id: urgent_orders_alerts_v2, fcm_push_received: true, delivery_proof: service_worker_push, received_by: firebase-messaging-sw.js, message_id: 22f12b30-7036-46c7-9616-e351ad90d701} meta={occurred_at: 2026-06-25T06:02:45.863Z, notification_id: 97ea525a-bf11-4e10-bf3d-465fa7a0411f, message_id: 22f12b30-7036-46c7-9616-e351ad90d701, dedup_key: notification:97ea525a-bf11-4e10-bf3d-465fa7a0411f, push_received_at: 2026-06-25T06:02:45.834Z, badge_count: 1}
[console:log] [FCM][web][sw_lifecycle] event=acknowledged notification_id=97ea525a-bf11-4e10-bf3d-465fa7a0411f recovered=false data={from: 647981866689, priority: normal, fcmMessageId: 22f12b30-7036-46c7-9616-e351ad90d701, route: /orders, title: 📦 تم تسليم طلبك, type: awaiting_customer_confirmation_manual_fresh_live, body: يرجى تأكيد استلام الطلب لإكمال الطلب., event: awaiting_customer_confirmation_manual_fresh_live, screen: orders, sound: order_alert, order_id: aaef6db2-afa9-4845-80a2-be8846aac989, status_key: awaiting_customer_confirmation_manual_fresh_live, notification_type: awaiting_customer_confirmation_manual_fresh_live, click_action: /orders, notification_id: 97ea525a-bf11-4e10-bf3d-465fa7a0411f, android_channel_id: urgent_orders_alerts_v2, fcm_push_received: true, delivery_proof: service_worker_push, received_by: firebase-messaging-sw.js, message_id: 22f12b30-7036-46c7-9616-e351ad90d701} meta={occurred_at: 2026-06-25T06:02:45.863Z, notification_id: 97ea525a-bf11-4e10-bf3d-465fa7a0411f, message_id: 22f12b30-7036-46c7-9616-e351ad90d701, dedup_key: notification:97ea525a-bf11-4e10-bf3d-465fa7a0411f, push_received_at: 2026-06-25T06:02:45.834Z, acknowledged_at: 2026-06-25T06:02:45.854Z}
[console:log] [SESSION][2026-06-25T06:03:01.419Z] LOCAL_SESSION_ID=64e7af848e9ee4727d4a243e34d1ac77df1412bc
[console:log] [SESSION][2026-06-25T06:03:01.618Z] Detected many active sessions for user=67b87ab0-574f-4524-af3d-b3eee044c044 count=5
[notifications] []
[final] {"href":"http://127.0.0.1:7357/","title":"Delivery Mat3mk","permission":"granted","serviceWorkerCount":2,"localStorageKeys":["flutter.customer_cart_state_v3","flutter.session_security_state.v1","supabase.auth.token","sb-mjaueulktnxsgppiwimb-auth-token","flutter.customer_notification_installation_id","flutter.customer_cart_state_v3_backup"],"notificationCount":0,"bodyText":""}
