[console:debug] Injecting <script> tag. Using callback.
[console:log] [FCM][web] firebase-messaging-sw.js registered: http://127.0.0.1:7357/
[console:log] [FCM][web] firebase-messaging-sw.js ready: http://127.0.0.1:7357/
[console:debug] TrustedTypes available. Creating policy: gis-dart
[console:log] [bootstrap] Loading environment assets...
[console:log] ENV LOADED SUCCESSFULLY
[console:log] [bootstrap] Environment loaded from assets/env/app.env (APP_ENV=dev).
[console:log] [bootstrap] Configuring map provider...
[console:log] [bootstrap] Mapbox native SDK skipped on this platform.
[console:log] [bootstrap] Initializing Supabase...
[console:log] [bootstrap] Supabase initialized.
[console:log] [bootstrap] Initializing session manager...
[console:log] [SECURITY][REVOCATION][2026-06-25T05:47:30.999Z] [REVOCATION] Realtime Cleanup Started topic=security-revocation
[console:log] [SECURITY][REVOCATION][2026-06-25T05:47:31.000Z] [REVOCATION] Realtime Cleanup Finished topic=security-revocation
[console:log] [SECURITY][REVOCATION][2026-06-25T05:47:31.001Z] [REVOCATION] Realtime Cleanup Started topic=security-revocation
[console:log] [SECURITY][REVOCATION][2026-06-25T05:47:31.001Z] [REVOCATION] Realtime Cleanup Finished topic=security-revocation
[console:log] [SECURITY][REVOCATION][2026-06-25T05:47:31.022Z] [REVOCATION] Connection Closed topic=security-revocation-67b87ab0-574f-4524-af3d-b3eee044c044
[console:log] [SECURITY][REVOCATION][2026-06-25T05:47:31.376Z] [REVOCATION] Subscription Created topic=security-revocation-67b87ab0-574f-4524-af3d-b3eee044c044
[console:log] [bootstrap] Session manager initialized.
[console:log] [bootstrap] Session recovery completed.
[console:log] [bootstrap] Initializing stability layers...
[console:log] [bootstrap] Stability layers initialized.
[console:log] [bootstrap] Initializing notifications...
[console:debug] TrustedTypes available. Creating policy: flutterfire-firebase_core
[console:debug] Initializing Firebase firebase_core
[console:debug] TrustedTypes available. Creating policy: flutterfire-firebase_messaging
[console:debug] Initializing Firebase firebase_messaging
[console:log] [FCM] FirebaseMessaging listeners attached (onMessage, onMessageOpenedApp).
[console:log] [FCM][web] permission granted (request_permission)
[console:log] [FCM][web] browser permission: granted
[console:log] [FCM][web][sw_lifecycle] event=recovery_executed notification_id=<missing> recovered=true data={} meta={occurred_at: 2026-06-25T05:47:31.864Z, reason: bridge_initialized, recovered_count: 3, badge_count: 3, recovered: true}
[console:log] [FCM][web][sw_lifecycle] event=recovery_executed notification_id=<missing> recovered=true data={} meta={occurred_at: 2026-06-25T05:47:31.867Z, reason: bridge_initialized, recovered_count: 3, badge_count: 3, recovered: true}
[console:log] [FCM][web][sw_lifecycle] event=recovery_executed notification_id=<missing> recovered=true data={} meta={occurred_at: 2026-06-25T05:47:33.467Z, reason: service_worker_activate, recovered_count: 3, badge_count: 3, recovered: true}
[console:log] [FCM][web] token generated (attempt 1): eWcDFo...T8tHI4
[console:log] [FCM][web_permission_granted] FCM token synced successfully: eWcDFo...T8tHI4
[console:log] [FCM][web] token upload success: eWcDFo...T8tHI4
[console:log] [REALTIME][2026-06-25T05:47:34.014Z] Auth Session Changed topic=customer-order-events-67b87ab0-574f-4524-af3d-b3eee044c044 event=initialSession authenticated=true
[console:log] [REALTIME][2026-06-25T05:47:34.015Z] Subscription Created topic=customer-order-events-67b87ab0-574f-4524-af3d-b3eee044c044 channel=customer:customer-order-events-67b87ab0-574f-4524-af3d-b3eee044c044:67b87ab0-574f-4524-af3d-b3eee044c044
[console:log] [REALTIME][2026-06-25T05:47:34.022Z] Channel Removed Successfully topic=customer-order-events-67b87ab0-574f-4524-af3d-b3eee044c044 reason=replace
[console:log] [REALTIME][2026-06-25T05:47:34.023Z] Subscription Removed topic=customer-order-events-67b87ab0-574f-4524-af3d-b3eee044c044
[console:log] [REALTIME][2026-06-25T05:47:34.024Z] Subscription Created topic=customer-order-events-67b87ab0-574f-4524-af3d-b3eee044c044 channel=customer:customer-order-events-67b87ab0-574f-4524-af3d-b3eee044c044:67b87ab0-574f-4524-af3d-b3eee044c044
[console:log] [REALTIME][2026-06-25T05:47:34.096Z] Connection Opened topic=customer-order-events-67b87ab0-574f-4524-af3d-b3eee044c044
[console:log] [FCM][web][sw_lifecycle] event=recovery_executed notification_id=<missing> recovered=true data={} meta={occurred_at: 2026-06-25T05:47:34.479Z, reason: service_worker_activate, recovered_count: 3, badge_count: 3, recovered: true}
[console:log] [FCM][web] token generated (attempt 1): eWcDFo...T8tHI4
[console:log] [FCM] startup token: eWcDFo...T8tHI4
[console:log] [SECURITY][RPC_REPLAY][2026-06-25T05:47:35.206Z] Local replay window blocked action=upsert_customer_device_token:67b87ab0-574f-4524-af3d-b3eee044c044:eWcDFoEZni68YpdoRf_xaw:APA91bFxmXHtnf6BD1w3M4RBt7EZbovDXf5qBqioUTFwFhGfvCxIUKXY9qOXt6vVYClst7u3Mn8nKx2YXiNv0COQGp4z4UBq6lNQGNBXUzX3_GSRrT8tHI4
[console:log] [SECURITY][SECURITY][2026-06-25T05:47:35.207Z] [SECURITY_EVENT] key=rpc_local_replay_blocked severity=medium payload={action_key: upsert_customer_device_token:67b87ab0-574f-4524-af3d-b3eee044c044:eWcDFoEZni68YpdoRf_xaw:APA91bFxmXHtnf6BD1w3M4RBt7EZbovDXf5qBqioUTFwFhGfvCxIUKXY9qOXt6vVYClst7u3Mn8nKx2YXiNv0COQGp4z4UBq6lNQGNBXUzX3_GSRrT8tHI4, window_ms: 2000}
[console:log] [SECURITY][RPC_REPLAY][2026-06-25T05:47:35.207Z] Skipped duplicated token registration RPC.
[console:log] [bootstrap] Notification service initialized.
[console:log] [bootstrap] Bootstrap completed. ok=true, message=none.
[console:log] [bootstrap] runApp executed.
[console:log] [REALTIME][2026-06-25T05:47:35.382Z] Auth Session Changed topic=home-restaurants-1038939180 event=initialSession authenticated=true
[console:log] [REALTIME][2026-06-25T05:47:35.386Z] Subscription Created topic=home-restaurants-1038939180 channel=customer:home-restaurants-1038939180:67b87ab0-574f-4524-af3d-b3eee044c044
[console:log] [REALTIME][2026-06-25T05:47:35.393Z] Channel Removed Successfully topic=home-restaurants-1038939180 reason=replace
[console:log] [REALTIME][2026-06-25T05:47:35.393Z] Subscription Removed topic=home-restaurants-1038939180
[console:log] [REALTIME][2026-06-25T05:47:35.394Z] Subscription Created topic=home-restaurants-1038939180 channel=customer:home-restaurants-1038939180:67b87ab0-574f-4524-af3d-b3eee044c044
[console:log] [REALTIME][2026-06-25T05:47:35.860Z] Connection Opened topic=home-restaurants-1038939180
[baseline] {"href":"http://127.0.0.1:7357/","title":"Delivery Mat3mk","permission":"granted","serviceWorkerCount":2,"localStorageKeys":["flutter.customer_cart_state_v3","flutter.session_security_state.v1","supabase.auth.token","sb-mjaueulktnxsgppiwimb-auth-token","flutter.customer_notification_installation_id","flutter.customer_cart_state_v3_backup"],"notificationCount":0,"bodyText":""}
[console:log] [FCM][foreground] id=e7d06d28-862c-47c8-abde-37932dc9115f title=📦 تم تسليم طلبك body=يرجى تأكيد استلام الطلب لإكمال الطلب. data={status_key: awaiting_customer_confirmation_manual_after_fix, title: 📦 تم تسليم طلبك, notification_type: awaiting_customer_confirmation_manual_after_fix, click_action: /orders, event: awaiting_customer_confirmation_manual_after_fix, body: يرجى تأكيد استلام الطلب لإكمال الطلب., order_id: aaef6db2-afa9-4845-80a2-be8846aac989, route: /orders, sound: order_alert, android_channel_id: urgent_orders_alerts_v2, screen: orders, type: awaiting_customer_confirmation_manual_after_fix, notification_id: dd01406f-0c39-43a0-99cf-7d634cc62303}
[console:log] [FCM][web][foreground] message treated as data synchronization only; notification delivery is not recorded until firebase-messaging-sw.js receives the push event and displays the browser notification.
[console:log] [FCM][web][sw_lifecycle] event=displayed notification_id=dd01406f-0c39-43a0-99cf-7d634cc62303 recovered=false data={from: 647981866689, priority: normal, fcmMessageId: e7d06d28-862c-47c8-abde-37932dc9115f, status_key: awaiting_customer_confirmation_manual_after_fix, title: 📦 تم تسليم طلبك, notification_type: awaiting_customer_confirmation_manual_after_fix, click_action: /orders, event: awaiting_customer_confirmation_manual_after_fix, body: يرجى تأكيد استلام الطلب لإكمال الطلب., order_id: aaef6db2-afa9-4845-80a2-be8846aac989, route: /orders, sound: order_alert, android_channel_id: urgent_orders_alerts_v2, screen: orders, type: awaiting_customer_confirmation_manual_after_fix, notification_id: dd01406f-0c39-43a0-99cf-7d634cc62303, fcm_push_received: true, delivery_proof: service_worker_push, received_by: firebase-messaging-sw.js, message_id: e7d06d28-862c-47c8-abde-37932dc9115f} meta={occurred_at: 2026-06-25T05:47:49.201Z, notification_id: dd01406f-0c39-43a0-99cf-7d634cc62303, message_id: e7d06d28-862c-47c8-abde-37932dc9115f, dedup_key: notification:dd01406f-0c39-43a0-99cf-7d634cc62303, push_received_at: 2026-06-25T05:47:49.177Z, displayed_at: 2026-06-25T05:47:49.196Z}
[console:log] [FCM][web][sw_lifecycle] event=received notification_id=dd01406f-0c39-43a0-99cf-7d634cc62303 recovered=false data={from: 647981866689, priority: normal, fcmMessageId: e7d06d28-862c-47c8-abde-37932dc9115f, status_key: awaiting_customer_confirmation_manual_after_fix, title: 📦 تم تسليم طلبك, notification_type: awaiting_customer_confirmation_manual_after_fix, click_action: /orders, event: awaiting_customer_confirmation_manual_after_fix, body: يرجى تأكيد استلام الطلب لإكمال الطلب., order_id: aaef6db2-afa9-4845-80a2-be8846aac989, route: /orders, sound: order_alert, android_channel_id: urgent_orders_alerts_v2, screen: orders, type: awaiting_customer_confirmation_manual_after_fix, notification_id: dd01406f-0c39-43a0-99cf-7d634cc62303, fcm_push_received: true, delivery_proof: service_worker_push, received_by: firebase-messaging-sw.js, message_id: e7d06d28-862c-47c8-abde-37932dc9115f} meta={occurred_at: 2026-06-25T05:47:49.202Z, notification_id: dd01406f-0c39-43a0-99cf-7d634cc62303, message_id: e7d06d28-862c-47c8-abde-37932dc9115f, dedup_key: notification:dd01406f-0c39-43a0-99cf-7d634cc62303, push_received_at: 2026-06-25T05:47:49.177Z, received_at: 2026-06-25T05:47:49.196Z}
[console:log] [FCM][web][sw_lifecycle] event=badge_updated notification_id=dd01406f-0c39-43a0-99cf-7d634cc62303 recovered=false data={from: 647981866689, priority: normal, fcmMessageId: e7d06d28-862c-47c8-abde-37932dc9115f, status_key: awaiting_customer_confirmation_manual_after_fix, title: 📦 تم تسليم طلبك, notification_type: awaiting_customer_confirmation_manual_after_fix, click_action: /orders, event: awaiting_customer_confirmation_manual_after_fix, body: يرجى تأكيد استلام الطلب لإكمال الطلب., order_id: aaef6db2-afa9-4845-80a2-be8846aac989, route: /orders, sound: order_alert, android_channel_id: urgent_orders_alerts_v2, screen: orders, type: awaiting_customer_confirmation_manual_after_fix, notification_id: dd01406f-0c39-43a0-99cf-7d634cc62303, fcm_push_received: true, delivery_proof: service_worker_push, received_by: firebase-messaging-sw.js, message_id: e7d06d28-862c-47c8-abde-37932dc9115f} meta={occurred_at: 2026-06-25T05:47:49.204Z, notification_id: dd01406f-0c39-43a0-99cf-7d634cc62303, message_id: e7d06d28-862c-47c8-abde-37932dc9115f, dedup_key: notification:dd01406f-0c39-43a0-99cf-7d634cc62303, push_received_at: 2026-06-25T05:47:49.177Z, badge_count: 4}
[console:log] [FCM][web][sw_lifecycle] event=acknowledged notification_id=dd01406f-0c39-43a0-99cf-7d634cc62303 recovered=false data={from: 647981866689, priority: normal, fcmMessageId: e7d06d28-862c-47c8-abde-37932dc9115f, status_key: awaiting_customer_confirmation_manual_after_fix, title: 📦 تم تسليم طلبك, notification_type: awaiting_customer_confirmation_manual_after_fix, click_action: /orders, event: awaiting_customer_confirmation_manual_after_fix, body: يرجى تأكيد استلام الطلب لإكمال الطلب., order_id: aaef6db2-afa9-4845-80a2-be8846aac989, route: /orders, sound: order_alert, android_channel_id: urgent_orders_alerts_v2, screen: orders, type: awaiting_customer_confirmation_manual_after_fix, notification_id: dd01406f-0c39-43a0-99cf-7d634cc62303, fcm_push_received: true, delivery_proof: service_worker_push, received_by: firebase-messaging-sw.js, message_id: e7d06d28-862c-47c8-abde-37932dc9115f} meta={occurred_at: 2026-06-25T05:47:49.205Z, notification_id: dd01406f-0c39-43a0-99cf-7d634cc62303, message_id: e7d06d28-862c-47c8-abde-37932dc9115f, dedup_key: notification:dd01406f-0c39-43a0-99cf-7d634cc62303, push_received_at: 2026-06-25T05:47:49.177Z, acknowledged_at: 2026-06-25T05:47:49.196Z}
[console:log] [SESSION][2026-06-25T05:48:11.333Z] LOCAL_SESSION_ID=b3876c75075749ebde57383b8790fb44992abb51
[notifications] []
[final] {"href":"http://127.0.0.1:7357/","title":"Delivery Mat3mk","permission":"granted","serviceWorkerCount":2,"localStorageKeys":["flutter.customer_cart_state_v3","flutter.session_security_state.v1","supabase.auth.token","sb-mjaueulktnxsgppiwimb-auth-token","flutter.customer_notification_installation_id","flutter.customer_cart_state_v3_backup"],"notificationCount":0,"bodyText":""}
