[console:debug] Injecting <script> tag. Using callback.
[console:log] [FCM][web] firebase-messaging-sw.js registered: http://127.0.0.1:7357/
[console:log] [FCM][web] firebase-messaging-sw.js ready: http://127.0.0.1:7357/
[console:debug] TrustedTypes available. Creating policy: gis-dart
[console:log] [bootstrap] Loading environment assets...
[console:log] ENV LOADED SUCCESSFULLY
[console:log] [bootstrap] Environment loaded from assets/env/app.env (APP_ENV=dev).
[console:log] [bootstrap] Configuring map provider...
[console:log] [bootstrap] Mapbox native SDK skipped on this platform.
[console:log] [bootstrap] Initializing Supabase...
[console:log] [bootstrap] Supabase initialized.
[console:log] [bootstrap] Initializing session manager...
[console:log] [SECURITY][REVOCATION][2026-06-25T05:39:23.100Z] [REVOCATION] Realtime Cleanup Started topic=security-revocation
[console:log] [SECURITY][REVOCATION][2026-06-25T05:39:23.101Z] [REVOCATION] Realtime Cleanup Finished topic=security-revocation
[console:log] [SECURITY][REVOCATION][2026-06-25T05:39:23.101Z] [REVOCATION] Realtime Cleanup Started topic=security-revocation
[console:log] [SECURITY][REVOCATION][2026-06-25T05:39:23.101Z] [REVOCATION] Realtime Cleanup Finished topic=security-revocation
[console:log] [SECURITY][REVOCATION][2026-06-25T05:39:23.114Z] [REVOCATION] Connection Closed topic=security-revocation-67b87ab0-574f-4524-af3d-b3eee044c044
[console:log] [SECURITY][REVOCATION][2026-06-25T05:39:23.467Z] [REVOCATION] Subscription Created topic=security-revocation-67b87ab0-574f-4524-af3d-b3eee044c044
[console:log] [bootstrap] Session manager initialized.
[console:log] [bootstrap] Session recovery completed.
[console:log] [bootstrap] Initializing stability layers...
[console:log] [bootstrap] Stability layers initialized.
[console:log] [bootstrap] Initializing notifications...
[console:debug] TrustedTypes available. Creating policy: flutterfire-firebase_core
[console:debug] Initializing Firebase firebase_core
[console:debug] TrustedTypes available. Creating policy: flutterfire-firebase_messaging
[console:debug] Initializing Firebase firebase_messaging
[console:log] [FCM] FirebaseMessaging listeners attached (onMessage, onMessageOpenedApp).
[console:log] [FCM][web] permission granted (request_permission)
[console:log] [FCM][web] browser permission: granted
[console:log] [FCM][web][sw_lifecycle] event=recovery_executed notification_id=<missing> recovered=true data={} meta={occurred_at: 2026-06-25T05:39:23.901Z, reason: bridge_initialized, recovered_count: 2, badge_count: 2, recovered: true}
[console:log] [FCM][web][sw_lifecycle] event=recovery_executed notification_id=<missing> recovered=true data={} meta={occurred_at: 2026-06-25T05:39:23.902Z, reason: bridge_initialized, recovered_count: 2, badge_count: 2, recovered: true}
[console:log] [FCM][web] token generated (attempt 1): eWcDFo...T8tHI4
[console:log] [FCM][web_permission_granted] FCM token synced successfully: eWcDFo...T8tHI4
[console:log] [FCM][web] token upload success: eWcDFo...T8tHI4
[console:log] [REALTIME][2026-06-25T05:39:25.871Z] Auth Session Changed topic=customer-order-events-67b87ab0-574f-4524-af3d-b3eee044c044 event=initialSession authenticated=true
[console:log] [REALTIME][2026-06-25T05:39:25.872Z] Subscription Created topic=customer-order-events-67b87ab0-574f-4524-af3d-b3eee044c044 channel=customer:customer-order-events-67b87ab0-574f-4524-af3d-b3eee044c044:67b87ab0-574f-4524-af3d-b3eee044c044
[console:log] [REALTIME][2026-06-25T05:39:25.878Z] Channel Removed Successfully topic=customer-order-events-67b87ab0-574f-4524-af3d-b3eee044c044 reason=replace
[console:log] [REALTIME][2026-06-25T05:39:25.879Z] Subscription Removed topic=customer-order-events-67b87ab0-574f-4524-af3d-b3eee044c044
[console:log] [REALTIME][2026-06-25T05:39:25.880Z] Subscription Created topic=customer-order-events-67b87ab0-574f-4524-af3d-b3eee044c044 channel=customer:customer-order-events-67b87ab0-574f-4524-af3d-b3eee044c044:67b87ab0-574f-4524-af3d-b3eee044c044
[console:log] [REALTIME][2026-06-25T05:39:25.951Z] Connection Opened topic=customer-order-events-67b87ab0-574f-4524-af3d-b3eee044c044
[console:log] [FCM][web] token generated (attempt 1): eWcDFo...T8tHI4
[console:log] [FCM] startup token: eWcDFo...T8tHI4
[console:log] [SECURITY][RPC_REPLAY][2026-06-25T05:39:26.986Z] Local replay window blocked action=upsert_customer_device_token:67b87ab0-574f-4524-af3d-b3eee044c044:eWcDFoEZni68YpdoRf_xaw:APA91bFxmXHtnf6BD1w3M4RBt7EZbovDXf5qBqioUTFwFhGfvCxIUKXY9qOXt6vVYClst7u3Mn8nKx2YXiNv0COQGp4z4UBq6lNQGNBXUzX3_GSRrT8tHI4
[console:log] [SECURITY][SECURITY][2026-06-25T05:39:26.987Z] [SECURITY_EVENT] key=rpc_local_replay_blocked severity=medium payload={action_key: upsert_customer_device_token:67b87ab0-574f-4524-af3d-b3eee044c044:eWcDFoEZni68YpdoRf_xaw:APA91bFxmXHtnf6BD1w3M4RBt7EZbovDXf5qBqioUTFwFhGfvCxIUKXY9qOXt6vVYClst7u3Mn8nKx2YXiNv0COQGp4z4UBq6lNQGNBXUzX3_GSRrT8tHI4, window_ms: 2000}
[console:log] [SECURITY][RPC_REPLAY][2026-06-25T05:39:26.987Z] Skipped duplicated token registration RPC.
[console:log] [bootstrap] Notification service initialized.
[console:log] [bootstrap] Bootstrap completed. ok=true, message=none.
[console:log] [bootstrap] runApp executed.
[console:log] [REALTIME][2026-06-25T05:39:27.194Z] Auth Session Changed topic=home-restaurants-152666490 event=initialSession authenticated=true
[console:log] [REALTIME][2026-06-25T05:39:27.203Z] Subscription Created topic=home-restaurants-152666490 channel=customer:home-restaurants-152666490:67b87ab0-574f-4524-af3d-b3eee044c044
[console:log] [REALTIME][2026-06-25T05:39:27.205Z] Channel Removed Successfully topic=home-restaurants-152666490 reason=replace
[console:log] [REALTIME][2026-06-25T05:39:27.206Z] Subscription Removed topic=home-restaurants-152666490
[console:log] [REALTIME][2026-06-25T05:39:27.207Z] Subscription Created topic=home-restaurants-152666490 channel=customer:home-restaurants-152666490:67b87ab0-574f-4524-af3d-b3eee044c044
[console:log] [REALTIME][2026-06-25T05:39:27.759Z] Connection Opened topic=home-restaurants-152666490
[baseline] {"href":"http://127.0.0.1:7357/","title":"Delivery Mat3mk","permission":"granted","serviceWorkerCount":2,"localStorageKeys":["flutter.customer_cart_state_v3","flutter.session_security_state.v1","supabase.auth.token","sb-mjaueulktnxsgppiwimb-auth-token","flutter.customer_notification_installation_id","flutter.customer_cart_state_v3_backup"],"notificationCount":0,"bodyText":""}
[console:log] [FCM][web][sw_lifecycle] event=displayed notification_id=4f63b53f-7e34-4b0c-8c4a-75772f8187dd recovered=false data={from: 647981866689, priority: normal, fcmMessageId: ffc552d3-0dc3-4aa6-bffd-4c75a10e5573, event: awaiting_customer_confirmation_manual_live, route: /orders, screen: orders, body: يرجى تأكيد استلام الطلب لإكمال الطلب., status_key: awaiting_customer_confirmation_manual_live, order_id: aaef6db2-afa9-4845-80a2-be8846aac989, notification_type: awaiting_customer_confirmation_manual_live, click_action: /orders, notification_id: 4f63b53f-7e34-4b0c-8c4a-75772f8187dd, android_channel_id: urgent_orders_alerts_v2, sound: order_alert, title: 📦 تم تسليم طلبك, type: awaiting_customer_confirmation_manual_live, fcm_push_received: true, delivery_proof: service_worker_push, received_by: firebase-messaging-sw.js, message_id: ffc552d3-0dc3-4aa6-bffd-4c75a10e5573} meta={occurred_at: 2026-06-25T05:39:40.771Z, notification_id: 4f63b53f-7e34-4b0c-8c4a-75772f8187dd, message_id: ffc552d3-0dc3-4aa6-bffd-4c75a10e5573, dedup_key: notification:4f63b53f-7e34-4b0c-8c4a-75772f8187dd, push_received_at: 2026-06-25T05:39:40.731Z, displayed_at: 2026-06-25T05:39:40.768Z}
[console:log] [FCM][web][sw_lifecycle] event=received notification_id=4f63b53f-7e34-4b0c-8c4a-75772f8187dd recovered=false data={from: 647981866689, priority: normal, fcmMessageId: ffc552d3-0dc3-4aa6-bffd-4c75a10e5573, event: awaiting_customer_confirmation_manual_live, route: /orders, screen: orders, body: يرجى تأكيد استلام الطلب لإكمال الطلب., status_key: awaiting_customer_confirmation_manual_live, order_id: aaef6db2-afa9-4845-80a2-be8846aac989, notification_type: awaiting_customer_confirmation_manual_live, click_action: /orders, notification_id: 4f63b53f-7e34-4b0c-8c4a-75772f8187dd, android_channel_id: urgent_orders_alerts_v2, sound: order_alert, title: 📦 تم تسليم طلبك, type: awaiting_customer_confirmation_manual_live, fcm_push_received: true, delivery_proof: service_worker_push, received_by: firebase-messaging-sw.js, message_id: ffc552d3-0dc3-4aa6-bffd-4c75a10e5573} meta={occurred_at: 2026-06-25T05:39:40.772Z, notification_id: 4f63b53f-7e34-4b0c-8c4a-75772f8187dd, message_id: ffc552d3-0dc3-4aa6-bffd-4c75a10e5573, dedup_key: notification:4f63b53f-7e34-4b0c-8c4a-75772f8187dd, push_received_at: 2026-06-25T05:39:40.731Z, received_at: 2026-06-25T05:39:40.768Z}
[console:log] [FCM][web][sw_lifecycle] event=badge_updated notification_id=4f63b53f-7e34-4b0c-8c4a-75772f8187dd recovered=false data={from: 647981866689, priority: normal, fcmMessageId: ffc552d3-0dc3-4aa6-bffd-4c75a10e5573, event: awaiting_customer_confirmation_manual_live, route: /orders, screen: orders, body: يرجى تأكيد استلام الطلب لإكمال الطلب., status_key: awaiting_customer_confirmation_manual_live, order_id: aaef6db2-afa9-4845-80a2-be8846aac989, notification_type: awaiting_customer_confirmation_manual_live, click_action: /orders, notification_id: 4f63b53f-7e34-4b0c-8c4a-75772f8187dd, android_channel_id: urgent_orders_alerts_v2, sound: order_alert, title: 📦 تم تسليم طلبك, type: awaiting_customer_confirmation_manual_live, fcm_push_received: true, delivery_proof: service_worker_push, received_by: firebase-messaging-sw.js, message_id: ffc552d3-0dc3-4aa6-bffd-4c75a10e5573} meta={occurred_at: 2026-06-25T05:39:40.779Z, notification_id: 4f63b53f-7e34-4b0c-8c4a-75772f8187dd, message_id: ffc552d3-0dc3-4aa6-bffd-4c75a10e5573, dedup_key: notification:4f63b53f-7e34-4b0c-8c4a-75772f8187dd, push_received_at: 2026-06-25T05:39:40.731Z, badge_count: 3}
[console:log] [FCM][web][sw_lifecycle] event=acknowledged notification_id=4f63b53f-7e34-4b0c-8c4a-75772f8187dd recovered=false data={from: 647981866689, priority: normal, fcmMessageId: ffc552d3-0dc3-4aa6-bffd-4c75a10e5573, event: awaiting_customer_confirmation_manual_live, route: /orders, screen: orders, body: يرجى تأكيد استلام الطلب لإكمال الطلب., status_key: awaiting_customer_confirmation_manual_live, order_id: aaef6db2-afa9-4845-80a2-be8846aac989, notification_type: awaiting_customer_confirmation_manual_live, click_action: /orders, notification_id: 4f63b53f-7e34-4b0c-8c4a-75772f8187dd, android_channel_id: urgent_orders_alerts_v2, sound: order_alert, title: 📦 تم تسليم طلبك, type: awaiting_customer_confirmation_manual_live, fcm_push_received: true, delivery_proof: service_worker_push, received_by: firebase-messaging-sw.js, message_id: ffc552d3-0dc3-4aa6-bffd-4c75a10e5573} meta={occurred_at: 2026-06-25T05:39:40.781Z, notification_id: 4f63b53f-7e34-4b0c-8c4a-75772f8187dd, message_id: ffc552d3-0dc3-4aa6-bffd-4c75a10e5573, dedup_key: notification:4f63b53f-7e34-4b0c-8c4a-75772f8187dd, push_received_at: 2026-06-25T05:39:40.731Z, acknowledged_at: 2026-06-25T05:39:40.768Z}
[console:log] [SESSION][2026-06-25T05:40:03.438Z] LOCAL_SESSION_ID=b3876c75075749ebde57383b8790fb44992abb51
[console:log] [SESSION][2026-06-25T05:40:43.448Z] LOCAL_SESSION_ID=b3876c75075749ebde57383b8790fb44992abb51
[notifications] []
[final] {"href":"http://127.0.0.1:7357/","title":"Delivery Mat3mk","permission":"granted","serviceWorkerCount":2,"localStorageKeys":["flutter.customer_cart_state_v3","flutter.session_security_state.v1","supabase.auth.token","sb-mjaueulktnxsgppiwimb-auth-token","flutter.customer_notification_installation_id","flutter.customer_cart_state_v3_backup"],"notificationCount":0,"bodyText":""}
