[console:log] [FCM][web] firebase-messaging-sw.js registered: http://127.0.0.1:7357/
[console:log] [FCM][web] firebase-messaging-sw.js ready: http://127.0.0.1:7357/
[console:debug] Injecting <script> tag. Using callback.
[console:debug] TrustedTypes available. Creating policy: gis-dart
[console:log] [bootstrap] Loading environment assets...
[console:log] ENV LOADED SUCCESSFULLY
[console:log] [bootstrap] Environment loaded from assets/env/app.env (APP_ENV=dev).
[console:log] [bootstrap] Configuring map provider...
[console:log] [bootstrap] Mapbox native SDK skipped on this platform.
[console:log] [bootstrap] Initializing Supabase...
[console:log] [bootstrap] Supabase initialized.
[console:log] [bootstrap] Initializing session manager...
[console:log] [SECURITY][REVOCATION][2026-06-25T05:53:50.340Z] [REVOCATION] Realtime Cleanup Started topic=security-revocation
[console:log] [SECURITY][REVOCATION][2026-06-25T05:53:50.341Z] [REVOCATION] Realtime Cleanup Finished topic=security-revocation
[console:log] [SECURITY][REVOCATION][2026-06-25T05:53:50.342Z] [REVOCATION] Realtime Cleanup Started topic=security-revocation
[console:log] [SECURITY][REVOCATION][2026-06-25T05:53:50.343Z] [REVOCATION] Realtime Cleanup Finished topic=security-revocation
[console:log] [SECURITY][REVOCATION][2026-06-25T05:53:50.357Z] [REVOCATION] Connection Closed topic=security-revocation-67b87ab0-574f-4524-af3d-b3eee044c044
[console:log] [SECURITY][REVOCATION][2026-06-25T05:53:50.702Z] [REVOCATION] Subscription Created topic=security-revocation-67b87ab0-574f-4524-af3d-b3eee044c044
[console:log] [bootstrap] Session manager initialized.
[console:log] [bootstrap] Session recovery completed.
[console:log] [bootstrap] Initializing stability layers...
[console:log] [bootstrap] Stability layers initialized.
[console:log] [bootstrap] Initializing notifications...
[console:debug] TrustedTypes available. Creating policy: flutterfire-firebase_core
[console:debug] Initializing Firebase firebase_core
[console:debug] TrustedTypes available. Creating policy: flutterfire-firebase_messaging
[console:debug] Initializing Firebase firebase_messaging
[console:log] [FCM] FirebaseMessaging listeners attached (onMessage, onMessageOpenedApp).
[console:log] [FCM][web] permission granted (request_permission)
[console:log] [FCM][web] browser permission: granted
[console:log] [FCM][web][sw_lifecycle] event=recovery_executed notification_id=<missing> recovered=true data={} meta={occurred_at: 2026-06-25T05:53:51.228Z, reason: bridge_initialized, recovered_count: 4, badge_count: 4, recovered: true}
[console:log] [FCM][web][sw_lifecycle] event=recovery_executed notification_id=<missing> recovered=true data={} meta={occurred_at: 2026-06-25T05:53:51.229Z, reason: bridge_initialized, recovered_count: 4, badge_count: 4, recovered: true}
[console:log] [FCM][web] token generated (attempt 1): eWcDFo...T8tHI4
[console:log] [FCM][web_permission_granted] FCM token synced successfully: eWcDFo...T8tHI4
[console:log] [FCM][web] token upload success: eWcDFo...T8tHI4
[console:log] [REALTIME][2026-06-25T05:53:55.134Z] Auth Session Changed topic=customer-order-events-67b87ab0-574f-4524-af3d-b3eee044c044 event=initialSession authenticated=true
[console:log] [REALTIME][2026-06-25T05:53:55.136Z] Subscription Created topic=customer-order-events-67b87ab0-574f-4524-af3d-b3eee044c044 channel=customer:customer-order-events-67b87ab0-574f-4524-af3d-b3eee044c044:67b87ab0-574f-4524-af3d-b3eee044c044
[console:log] [REALTIME][2026-06-25T05:53:55.140Z] Channel Removed Successfully topic=customer-order-events-67b87ab0-574f-4524-af3d-b3eee044c044 reason=replace
[console:log] [REALTIME][2026-06-25T05:53:55.141Z] Subscription Removed topic=customer-order-events-67b87ab0-574f-4524-af3d-b3eee044c044
[console:log] [REALTIME][2026-06-25T05:53:55.146Z] Subscription Created topic=customer-order-events-67b87ab0-574f-4524-af3d-b3eee044c044 channel=customer:customer-order-events-67b87ab0-574f-4524-af3d-b3eee044c044:67b87ab0-574f-4524-af3d-b3eee044c044
[console:log] [REALTIME][2026-06-25T05:53:55.217Z] Connection Opened topic=customer-order-events-67b87ab0-574f-4524-af3d-b3eee044c044
[console:log] [FCM][web] token generated (attempt 1): eWcDFo...T8tHI4
[console:log] [FCM] startup token: eWcDFo...T8tHI4
[console:log] [SECURITY][RPC_REPLAY][2026-06-25T05:53:56.426Z] Local replay window blocked action=upsert_customer_device_token:67b87ab0-574f-4524-af3d-b3eee044c044:eWcDFoEZni68YpdoRf_xaw:APA91bFxmXHtnf6BD1w3M4RBt7EZbovDXf5qBqioUTFwFhGfvCxIUKXY9qOXt6vVYClst7u3Mn8nKx2YXiNv0COQGp4z4UBq6lNQGNBXUzX3_GSRrT8tHI4
[console:log] [SECURITY][SECURITY][2026-06-25T05:53:56.426Z] [SECURITY_EVENT] key=rpc_local_replay_blocked severity=medium payload={action_key: upsert_customer_device_token:67b87ab0-574f-4524-af3d-b3eee044c044:eWcDFoEZni68YpdoRf_xaw:APA91bFxmXHtnf6BD1w3M4RBt7EZbovDXf5qBqioUTFwFhGfvCxIUKXY9qOXt6vVYClst7u3Mn8nKx2YXiNv0COQGp4z4UBq6lNQGNBXUzX3_GSRrT8tHI4, window_ms: 2000}
[console:log] [SECURITY][RPC_REPLAY][2026-06-25T05:53:56.427Z] Skipped duplicated token registration RPC.
[console:log] [bootstrap] Notification service initialized.
[console:log] [bootstrap] Bootstrap completed. ok=true, message=none.
[console:log] [bootstrap] runApp executed.
[console:log] [REALTIME][2026-06-25T05:53:56.617Z] Auth Session Changed topic=home-restaurants-671899850 event=initialSession authenticated=true
[console:log] [REALTIME][2026-06-25T05:53:56.623Z] Subscription Created topic=home-restaurants-671899850 channel=customer:home-restaurants-671899850:67b87ab0-574f-4524-af3d-b3eee044c044
[console:log] [REALTIME][2026-06-25T05:53:56.627Z] Channel Removed Successfully topic=home-restaurants-671899850 reason=replace
[console:log] [REALTIME][2026-06-25T05:53:56.629Z] Subscription Removed topic=home-restaurants-671899850
[console:log] [REALTIME][2026-06-25T05:53:56.635Z] Subscription Created topic=home-restaurants-671899850 channel=customer:home-restaurants-671899850:67b87ab0-574f-4524-af3d-b3eee044c044
[console:log] [REALTIME][2026-06-25T05:53:57.185Z] Connection Opened topic=home-restaurants-671899850
[baseline] {"href":"http://127.0.0.1:7357/","title":"Delivery Mat3mk","permission":"granted","serviceWorkerCount":2,"localStorageKeys":["flutter.customer_cart_state_v3","flutter.session_security_state.v1","supabase.auth.token","sb-mjaueulktnxsgppiwimb-auth-token","flutter.customer_notification_installation_id","flutter.customer_cart_state_v3_backup"],"notificationCount":0,"bodyText":""}
[console:log] [FCM][web][sw_lifecycle] event=displayed notification_id=528f6e4e-c1c5-4136-9cb3-dd1560d4c559 recovered=false data={from: 647981866689, priority: normal, fcmMessageId: 7d128ebb-e1fc-4106-bf7c-4715f201771b, status_key: awaiting_customer_confirmation_manual_after_fix_2, sound: order_alert, order_id: aaef6db2-afa9-4845-80a2-be8846aac989, notification_id: 528f6e4e-c1c5-4136-9cb3-dd1560d4c559, type: awaiting_customer_confirmation_manual_after_fix_2, android_channel_id: urgent_orders_alerts_v2, event: awaiting_customer_confirmation_manual_after_fix_2, title: 📦 تم تسليم طلبك, body: يرجى تأكيد استلام الطلب لإكمال الطلب., notification_type: awaiting_customer_confirmation_manual_after_fix_2, click_action: /orders, screen: orders, route: /orders, fcm_push_received: true, delivery_proof: service_worker_push, received_by: firebase-messaging-sw.js, message_id: 7d128ebb-e1fc-4106-bf7c-4715f201771b} meta={occurred_at: 2026-06-25T05:54:05.503Z, notification_id: 528f6e4e-c1c5-4136-9cb3-dd1560d4c559, message_id: 7d128ebb-e1fc-4106-bf7c-4715f201771b, dedup_key: notification:528f6e4e-c1c5-4136-9cb3-dd1560d4c559, push_received_at: 2026-06-25T05:54:05.475Z, displayed_at: 2026-06-25T05:54:05.499Z}
[console:log] [FCM][web][sw_lifecycle] event=received notification_id=528f6e4e-c1c5-4136-9cb3-dd1560d4c559 recovered=false data={from: 647981866689, priority: normal, fcmMessageId: 7d128ebb-e1fc-4106-bf7c-4715f201771b, status_key: awaiting_customer_confirmation_manual_after_fix_2, sound: order_alert, order_id: aaef6db2-afa9-4845-80a2-be8846aac989, notification_id: 528f6e4e-c1c5-4136-9cb3-dd1560d4c559, type: awaiting_customer_confirmation_manual_after_fix_2, android_channel_id: urgent_orders_alerts_v2, event: awaiting_customer_confirmation_manual_after_fix_2, title: 📦 تم تسليم طلبك, body: يرجى تأكيد استلام الطلب لإكمال الطلب., notification_type: awaiting_customer_confirmation_manual_after_fix_2, click_action: /orders, screen: orders, route: /orders, fcm_push_received: true, delivery_proof: service_worker_push, received_by: firebase-messaging-sw.js, message_id: 7d128ebb-e1fc-4106-bf7c-4715f201771b} meta={occurred_at: 2026-06-25T05:54:05.504Z, notification_id: 528f6e4e-c1c5-4136-9cb3-dd1560d4c559, message_id: 7d128ebb-e1fc-4106-bf7c-4715f201771b, dedup_key: notification:528f6e4e-c1c5-4136-9cb3-dd1560d4c559, push_received_at: 2026-06-25T05:54:05.475Z, received_at: 2026-06-25T05:54:05.499Z}
[console:log] [FCM][web][sw_lifecycle] event=badge_updated notification_id=528f6e4e-c1c5-4136-9cb3-dd1560d4c559 recovered=false data={from: 647981866689, priority: normal, fcmMessageId: 7d128ebb-e1fc-4106-bf7c-4715f201771b, status_key: awaiting_customer_confirmation_manual_after_fix_2, sound: order_alert, order_id: aaef6db2-afa9-4845-80a2-be8846aac989, notification_id: 528f6e4e-c1c5-4136-9cb3-dd1560d4c559, type: awaiting_customer_confirmation_manual_after_fix_2, android_channel_id: urgent_orders_alerts_v2, event: awaiting_customer_confirmation_manual_after_fix_2, title: 📦 تم تسليم طلبك, body: يرجى تأكيد استلام الطلب لإكمال الطلب., notification_type: awaiting_customer_confirmation_manual_after_fix_2, click_action: /orders, screen: orders, route: /orders, fcm_push_received: true, delivery_proof: service_worker_push, received_by: firebase-messaging-sw.js, message_id: 7d128ebb-e1fc-4106-bf7c-4715f201771b} meta={occurred_at: 2026-06-25T05:54:05.507Z, notification_id: 528f6e4e-c1c5-4136-9cb3-dd1560d4c559, message_id: 7d128ebb-e1fc-4106-bf7c-4715f201771b, dedup_key: notification:528f6e4e-c1c5-4136-9cb3-dd1560d4c559, push_received_at: 2026-06-25T05:54:05.475Z, badge_count: 5}
[console:log] [FCM][web][sw_lifecycle] event=acknowledged notification_id=528f6e4e-c1c5-4136-9cb3-dd1560d4c559 recovered=false data={from: 647981866689, priority: normal, fcmMessageId: 7d128ebb-e1fc-4106-bf7c-4715f201771b, status_key: awaiting_customer_confirmation_manual_after_fix_2, sound: order_alert, order_id: aaef6db2-afa9-4845-80a2-be8846aac989, notification_id: 528f6e4e-c1c5-4136-9cb3-dd1560d4c559, type: awaiting_customer_confirmation_manual_after_fix_2, android_channel_id: urgent_orders_alerts_v2, event: awaiting_customer_confirmation_manual_after_fix_2, title: 📦 تم تسليم طلبك, body: يرجى تأكيد استلام الطلب لإكمال الطلب., notification_type: awaiting_customer_confirmation_manual_after_fix_2, click_action: /orders, screen: orders, route: /orders, fcm_push_received: true, delivery_proof: service_worker_push, received_by: firebase-messaging-sw.js, message_id: 7d128ebb-e1fc-4106-bf7c-4715f201771b} meta={occurred_at: 2026-06-25T05:54:05.507Z, notification_id: 528f6e4e-c1c5-4136-9cb3-dd1560d4c559, message_id: 7d128ebb-e1fc-4106-bf7c-4715f201771b, dedup_key: notification:528f6e4e-c1c5-4136-9cb3-dd1560d4c559, push_received_at: 2026-06-25T05:54:05.475Z, acknowledged_at: 2026-06-25T05:54:05.499Z}
[console:log] [SESSION][2026-06-25T05:54:30.666Z] LOCAL_SESSION_ID=b3876c75075749ebde57383b8790fb44992abb51
[notifications] []
[final] {"href":"http://127.0.0.1:7357/","title":"Delivery Mat3mk","permission":"granted","serviceWorkerCount":2,"localStorageKeys":["flutter.customer_cart_state_v3","flutter.session_security_state.v1","supabase.auth.token","sb-mjaueulktnxsgppiwimb-auth-token","flutter.customer_notification_installation_id","flutter.customer_cart_state_v3_backup"],"notificationCount":0,"bodyText":""}
